Archive member included to satisfy reference by file (symbol)

C:/Users/SUN/AppData/Local/stm32cube/bundles/gnu-tools-for-stm32/14.3.1+st.2/bin/../lib/gcc/arm-none-eabi/14.3.1/../../../../arm-none-eabi/lib/thumb/v7e-m+fp/hard\libg_nano.a(libc_a-exit.o)
                              C:/Users/SUN/AppData/Local/stm32cube/bundles/gnu-tools-for-stm32/14.3.1+st.2/bin/../lib/gcc/arm-none-eabi/14.3.1/../../../../arm-none-eabi/lib/thumb/v7e-m+fp/hard/crt0.o (exit)
C:/Users/SUN/AppData/Local/stm32cube/bundles/gnu-tools-for-stm32/14.3.1+st.2/bin/../lib/gcc/arm-none-eabi/14.3.1/../../../../arm-none-eabi/lib/thumb/v7e-m+fp/hard\libg_nano.a(libc_a-findfp.o)
                              C:/Users/SUN/AppData/Local/stm32cube/bundles/gnu-tools-for-stm32/14.3.1+st.2/bin/../lib/gcc/arm-none-eabi/14.3.1/../../../../arm-none-eabi/lib/thumb/v7e-m+fp/hard\libg_nano.a(libc_a-exit.o) (__stdio_exit_handler)
C:/Users/SUN/AppData/Local/stm32cube/bundles/gnu-tools-for-stm32/14.3.1+st.2/bin/../lib/gcc/arm-none-eabi/14.3.1/../../../../arm-none-eabi/lib/thumb/v7e-m+fp/hard\libg_nano.a(libc_a-fwalk.o)
                              C:/Users/SUN/AppData/Local/stm32cube/bundles/gnu-tools-for-stm32/14.3.1+st.2/bin/../lib/gcc/arm-none-eabi/14.3.1/../../../../arm-none-eabi/lib/thumb/v7e-m+fp/hard\libg_nano.a(libc_a-findfp.o) (_fwalk_sglue)
C:/Users/SUN/AppData/Local/stm32cube/bundles/gnu-tools-for-stm32/14.3.1+st.2/bin/../lib/gcc/arm-none-eabi/14.3.1/../../../../arm-none-eabi/lib/thumb/v7e-m+fp/hard\libg_nano.a(libc_a-stdio.o)
                              C:/Users/SUN/AppData/Local/stm32cube/bundles/gnu-tools-for-stm32/14.3.1+st.2/bin/../lib/gcc/arm-none-eabi/14.3.1/../../../../arm-none-eabi/lib/thumb/v7e-m+fp/hard\libg_nano.a(libc_a-findfp.o) (__sread)
C:/Users/SUN/AppData/Local/stm32cube/bundles/gnu-tools-for-stm32/14.3.1+st.2/bin/../lib/gcc/arm-none-eabi/14.3.1/../../../../arm-none-eabi/lib/thumb/v7e-m+fp/hard\libg_nano.a(libc_a-memset.o)
                              C:/Users/SUN/AppData/Local/stm32cube/bundles/gnu-tools-for-stm32/14.3.1+st.2/bin/../lib/gcc/arm-none-eabi/14.3.1/../../../../arm-none-eabi/lib/thumb/v7e-m+fp/hard/crt0.o (memset)
C:/Users/SUN/AppData/Local/stm32cube/bundles/gnu-tools-for-stm32/14.3.1+st.2/bin/../lib/gcc/arm-none-eabi/14.3.1/../../../../arm-none-eabi/lib/thumb/v7e-m+fp/hard\libg_nano.a(libc_a-closer.o)
                              C:/Users/SUN/AppData/Local/stm32cube/bundles/gnu-tools-for-stm32/14.3.1+st.2/bin/../lib/gcc/arm-none-eabi/14.3.1/../../../../arm-none-eabi/lib/thumb/v7e-m+fp/hard\libg_nano.a(libc_a-stdio.o) (_close_r)
C:/Users/SUN/AppData/Local/stm32cube/bundles/gnu-tools-for-stm32/14.3.1+st.2/bin/../lib/gcc/arm-none-eabi/14.3.1/../../../../arm-none-eabi/lib/thumb/v7e-m+fp/hard\libg_nano.a(libc_a-reent.o)
                              C:/Users/SUN/AppData/Local/stm32cube/bundles/gnu-tools-for-stm32/14.3.1+st.2/bin/../lib/gcc/arm-none-eabi/14.3.1/../../../../arm-none-eabi/lib/thumb/v7e-m+fp/hard\libg_nano.a(libc_a-closer.o) (errno)
C:/Users/SUN/AppData/Local/stm32cube/bundles/gnu-tools-for-stm32/14.3.1+st.2/bin/../lib/gcc/arm-none-eabi/14.3.1/../../../../arm-none-eabi/lib/thumb/v7e-m+fp/hard\libg_nano.a(libc_a-impure.o)
                              C:/Users/SUN/AppData/Local/stm32cube/bundles/gnu-tools-for-stm32/14.3.1+st.2/bin/../lib/gcc/arm-none-eabi/14.3.1/../../../../arm-none-eabi/lib/thumb/v7e-m+fp/hard\libg_nano.a(libc_a-reent.o) (_impure_ptr)
C:/Users/SUN/AppData/Local/stm32cube/bundles/gnu-tools-for-stm32/14.3.1+st.2/bin/../lib/gcc/arm-none-eabi/14.3.1/../../../../arm-none-eabi/lib/thumb/v7e-m+fp/hard\libg_nano.a(libc_a-lseekr.o)
                              C:/Users/SUN/AppData/Local/stm32cube/bundles/gnu-tools-for-stm32/14.3.1+st.2/bin/../lib/gcc/arm-none-eabi/14.3.1/../../../../arm-none-eabi/lib/thumb/v7e-m+fp/hard\libg_nano.a(libc_a-stdio.o) (_lseek_r)
C:/Users/SUN/AppData/Local/stm32cube/bundles/gnu-tools-for-stm32/14.3.1+st.2/bin/../lib/gcc/arm-none-eabi/14.3.1/../../../../arm-none-eabi/lib/thumb/v7e-m+fp/hard\libg_nano.a(libc_a-readr.o)
                              C:/Users/SUN/AppData/Local/stm32cube/bundles/gnu-tools-for-stm32/14.3.1+st.2/bin/../lib/gcc/arm-none-eabi/14.3.1/../../../../arm-none-eabi/lib/thumb/v7e-m+fp/hard\libg_nano.a(libc_a-stdio.o) (_read_r)
C:/Users/SUN/AppData/Local/stm32cube/bundles/gnu-tools-for-stm32/14.3.1+st.2/bin/../lib/gcc/arm-none-eabi/14.3.1/../../../../arm-none-eabi/lib/thumb/v7e-m+fp/hard\libg_nano.a(libc_a-writer.o)
                              C:/Users/SUN/AppData/Local/stm32cube/bundles/gnu-tools-for-stm32/14.3.1+st.2/bin/../lib/gcc/arm-none-eabi/14.3.1/../../../../arm-none-eabi/lib/thumb/v7e-m+fp/hard\libg_nano.a(libc_a-stdio.o) (_write_r)
C:/Users/SUN/AppData/Local/stm32cube/bundles/gnu-tools-for-stm32/14.3.1+st.2/bin/../lib/gcc/arm-none-eabi/14.3.1/../../../../arm-none-eabi/lib/thumb/v7e-m+fp/hard\libg_nano.a(libc_a-errno.o)
                              CMakeFiles/G474_motor_firmware.dir/Src/sysmem.c.obj (__errno)
[...]
Memory Configuration

Name             Origin             Length             Attributes
RAM              0x20000000         0x00020000         xrw
FLASH            0x08000000         0x00080000         xr
*default*        0x00000000         0xffffffff

Linker script and memory map

LOAD C:/Users/SUN/AppData/Local/stm32cube/bundles/gnu-tools-for-stm32/14.3.1+st.2/bin/../lib/gcc/arm-none-eabi/14.3.1/thumb/v7e-m+fp/hard/crti.o
LOAD C:/Users/SUN/AppData/Local/stm32cube/bundles/gnu-tools-for-stm32/14.3.1+st.2/bin/../lib/gcc/arm-none-eabi/14.3.1/thumb/v7e-m+fp/hard/crtbegin.o
LOAD C:/Users/SUN/AppData/Local/stm32cube/bundles/gnu-tools-for-stm32/14.3.1+st.2/bin/../lib/gcc/arm-none-eabi/14.3.1/../../../../arm-none-eabi/lib/thumb/v7e-m+fp/hard/crt0.o
LOAD cmake/stm32cubemx/CMakeFiles/STM32_Drivers.dir/__/__/Src/system_stm32g4xx.c.obj
LOAD cmake/stm32cubemx/CMakeFiles/STM32_Drivers.dir/__/__/Drivers/STM32G4xx_HAL_Driver/Src/stm32g4xx_hal_adc.c.obj
LOAD cmake/stm32cubemx/CMakeFiles/STM32_Drivers.dir/__/__/Drivers/STM32G4xx_HAL_Driver/Src/stm32g4xx_hal_adc_ex.c.obj
LOAD cmake/stm32cubemx/CMakeFiles/STM32_Drivers.dir/__/__/Drivers/STM32G4xx_HAL_Driver/Src/stm32g4xx_ll_adc.c.obj
LOAD cmake/stm32cubemx/CMakeFiles/STM32_Drivers.dir/__/__/Drivers/STM32G4xx_HAL_Driver/Src/stm32g4xx_hal.c.obj
LOAD cmake/stm32cubemx/CMakeFiles/STM32_Drivers.dir/__/__/Drivers/STM32G4xx_HAL_Driver/Src/stm32g4xx_hal_rcc.c.obj
LOAD cmake/stm32cubemx/CMakeFiles/STM32_Drivers.dir/__/__/Drivers/STM32G4xx_HAL_Driver/Src/stm32g4xx_hal_rcc_ex.c.obj
LOAD cmake/stm32cubemx/CMakeFiles/STM32_Drivers.dir/__/__/Drivers/STM32G4xx_HAL_Driver/Src/stm32g4xx_hal_flash.c.obj
LOAD cmake/stm32cubemx/CMakeFiles/STM32_Drivers.dir/__/__/Drivers/STM32G4xx_HAL_Driver/Src/stm32g4xx_hal_flash_ex.c.obj
LOAD cmake/stm32cubemx/CMakeFiles/STM32_Drivers.dir/__/__/Drivers/STM32G4xx_HAL_Driver/Src/stm32g4xx_hal_flash_ramfunc.c.obj
LOAD cmake/stm32cubemx/CMakeFiles/STM32_Drivers.dir/__/__/Drivers/STM32G4xx_HAL_Driver/Src/stm32g4xx_hal_gpio.c.obj
LOAD cmake/stm32cubemx/CMakeFiles/STM32_Drivers.dir/__/__/Drivers/STM32G4xx_HAL_Driver/Src/stm32g4xx_hal_exti.c.obj
LOAD cmake/stm32cubemx/CMakeFiles/STM32_Drivers.dir/__/__/Drivers/STM32G4xx_HAL_Driver/Src/stm32g4xx_hal_dma.c.obj
LOAD cmake/stm32cubemx/CMakeFiles/STM32_Drivers.dir/__/__/Drivers/STM32G4xx_HAL_Driver/Src/stm32g4xx_hal_dma_ex.c.obj
LOAD cmake/stm32cubemx/CMakeFiles/STM32_Drivers.dir/__/__/Drivers/STM32G4xx_HAL_Driver/Src/stm32g4xx_hal_pwr.c.obj
LOAD cmake/stm32cubemx/CMakeFiles/STM32_Drivers.dir/__/__/Drivers/STM32G4xx_HAL_Driver/Src/stm32g4xx_hal_pwr_ex.c.obj
LOAD cmake/stm32cubemx/CMakeFiles/STM32_Drivers.dir/__/__/Drivers/STM32G4xx_HAL_Driver/Src/stm32g4xx_hal_cortex.c.obj
LOAD cmake/stm32cubemx/CMakeFiles/STM32_Drivers.dir/__/__/Drivers/STM32G4xx_HAL_Driver/Src/stm32g4xx_hal_hrtim.c.obj
LOAD CMakeFiles/G474_motor_firmware.dir/Src/main.c.obj
LOAD CMakeFiles/G474_motor_firmware.dir/Src/gpio.c.obj
LOAD CMakeFiles/G474_motor_firmware.dir/Src/adc.c.obj
LOAD CMakeFiles/G474_motor_firmware.dir/Src/dma.c.obj
LOAD CMakeFiles/G474_motor_firmware.dir/Src/hrtim.c.obj
LOAD CMakeFiles/G474_motor_firmware.dir/Src/stm32g4xx_it.c.obj
LOAD CMakeFiles/G474_motor_firmware.dir/Src/stm32g4xx_hal_msp.c.obj
LOAD CMakeFiles/G474_motor_firmware.dir/Src/sysmem.c.obj
LOAD CMakeFiles/G474_motor_firmware.dir/Src/syscalls.c.obj
LOAD CMakeFiles/G474_motor_firmware.dir/startup_stm32g474xx.s.obj
LOAD C:/Users/SUN/AppData/Local/stm32cube/bundles/gnu-tools-for-stm32/14.3.1+st.2/bin/../lib/gcc/arm-none-eabi/14.3.1/../../../../arm-none-eabi/lib/thumb/v7e-m+fp/hard\libm.a
START GROUP
LOAD C:/Users/SUN/AppData/Local/stm32cube/bundles/gnu-tools-for-stm32/14.3.1+st.2/bin/../lib/gcc/arm-none-eabi/14.3.1/thumb/v7e-m+fp/hard\libgcc.a
LOAD C:/Users/SUN/AppData/Local/stm32cube/bundles/gnu-tools-for-stm32/14.3.1+st.2/bin/../lib/gcc/arm-none-eabi/14.3.1/../../../../arm-none-eabi/lib/thumb/v7e-m+fp/hard\libg_nano.a
LOAD C:/Users/SUN/AppData/Local/stm32cube/bundles/gnu-tools-for-stm32/14.3.1+st.2/bin/../lib/gcc/arm-none-eabi/14.3.1/../../../../arm-none-eabi/lib/thumb/v7e-m+fp/hard\libc_nano.a
END GROUP
START GROUP
LOAD C:/Users/SUN/AppData/Local/stm32cube/bundles/gnu-tools-for-stm32/14.3.1+st.2/bin/../lib/gcc/arm-none-eabi/14.3.1/thumb/v7e-m+fp/hard\libgcc.a
LOAD C:/Users/SUN/AppData/Local/stm32cube/bundles/gnu-tools-for-stm32/14.3.1+st.2/bin/../lib/gcc/arm-none-eabi/14.3.1/../../../../arm-none-eabi/lib/thumb/v7e-m+fp/hard\libc_nano.a
END GROUP
LOAD C:/Users/SUN/AppData/Local/stm32cube/bundles/gnu-tools-for-stm32/14.3.1+st.2/bin/../lib/gcc/arm-none-eabi/14.3.1/thumb/v7e-m+fp/hard/crtend.o
LOAD C:/Users/SUN/AppData/Local/stm32cube/bundles/gnu-tools-for-stm32/14.3.1+st.2/bin/../lib/gcc/arm-none-eabi/14.3.1/thumb/v7e-m+fp/hard/crtn.o
                0x20020000                        _estack = (ORIGIN (RAM) + LENGTH (RAM))
                0x00000200                        _Min_Heap_Size = 0x200
                0x00000400                        _Min_Stack_Size = 0x400

.isr_vector     0x08000000      0x1d8
                0x08000000                        . = ALIGN (0x4)
 *(.isr_vector)
 .isr_vector    0x08000000      0x1d8 CMakeFiles/G474_motor_firmware.dir/startup_stm32g474xx.s.obj
                0x08000000                g_pfnVectors
                0x080001d8                        . = ALIGN (0x4)

.text           0x080001d8     0x2c44
                0x080001d8                        . = ALIGN (0x4)
 *(.text)
 .text          0x080001d8       0x40 C:/Users/SUN/AppData/Local/stm32cube/bundles/gnu-tools-for-stm32/14.3.1+st.2/bin/../lib/gcc/arm-none-eabi/14.3.1/thumb/v7e-m+fp/hard/crtbegin.o
 *(.text*)
 .text.SystemInit
                0x08000218       0x14 cmake/stm32cubemx/CMakeFiles/STM32_Drivers.dir/__/__/Src/system_stm32g4xx.c.obj
                0x08000218                SystemInit
 .text.LL_ADC_SetAnalogWDMonitChannels
                0x0800022c       0x2c cmake/stm32cubemx/CMakeFiles/STM32_Drivers.dir/__/__/Drivers/STM32G4xx_HAL_Driver/Src/stm32g4xx_hal_adc.c.obj
 .text.LL_ADC_IsEnabled
                0x08000258        0x8 cmake/stm32cubemx/CMakeFiles/STM32_Drivers.dir/__/__/Drivers/STM32G4xx_HAL_Driver/Src/stm32g4xx_hal_adc.c.obj
 .text.LL_ADC_REG_IsConversionOngoing
                0x08000260        0x8 cmake/stm32cubemx/CMakeFiles/STM32_Drivers.dir/__/__/Drivers/STM32G4xx_HAL_Driver/Src/stm32g4xx_hal_adc.c.obj
 .text.HAL_ADC_Init
                0x08000268      0x21c cmake/stm32cubemx/CMakeFiles/STM32_Drivers.dir/__/__/Drivers/STM32G4xx_HAL_Driver/Src/stm32g4xx_hal_adc.c.obj
                0x08000268                HAL_ADC_Init
 .text.HAL_ADC_AnalogWDGConfig
                0x08000484      0x228 cmake/stm32cubemx/CMakeFiles/STM32_Drivers.dir/__/__/Drivers/STM32G4xx_HAL_Driver/Src/stm32g4xx_hal_adc.c.obj
                0x08000484                HAL_ADC_AnalogWDGConfig
 .text.LL_ADC_SetChannelSamplingTime
                0x080006ac       0x20 cmake/stm32cubemx/CMakeFiles/STM32_Drivers.dir/__/__/Drivers/STM32G4xx_HAL_Driver/Src/stm32g4xx_hal_adc_ex.c.obj
 .text.LL_ADC_IsEnabled
                0x080006cc        0x8 cmake/stm32cubemx/CMakeFiles/STM32_Drivers.dir/__/__/Drivers/STM32G4xx_HAL_Driver/Src/stm32g4xx_hal_adc_ex.c.obj
 .text.LL_ADC_REG_IsConversionOngoing
                0x080006d4        0x8 cmake/stm32cubemx/CMakeFiles/STM32_Drivers.dir/__/__/Drivers/STM32G4xx_HAL_Driver/Src/stm32g4xx_hal_adc_ex.c.obj
 .text.LL_ADC_INJ_IsConversionOngoing
                0x080006dc        0x8 cmake/stm32cubemx/CMakeFiles/STM32_Drivers.dir/__/__/Drivers/STM32G4xx_HAL_Driver/Src/stm32g4xx_hal_adc_ex.c.obj
 .text.HAL_ADCEx_InjectedConfigChannel
                0x080006e4      0x4bc cmake/stm32cubemx/CMakeFiles/STM32_Drivers.dir/__/__/Drivers/STM32G4xx_HAL_Driver/Src/stm32g4xx_hal_adc_ex.c.obj
                0x080006e4                HAL_ADCEx_InjectedConfigChannel
 .text.HAL_ADCEx_MultiModeConfigChannel
                0x08000ba0      0x138 cmake/stm32cubemx/CMakeFiles/STM32_Drivers.dir/__/__/Drivers/STM32G4xx_HAL_Driver/Src/stm32g4xx_hal_adc_ex.c.obj
                0x08000ba0                HAL_ADCEx_MultiModeConfigChannel
 .text.HAL_InitTick
                0x08000cd8       0x4c cmake/stm32cubemx/CMakeFiles/STM32_Drivers.dir/__/__/Drivers/STM32G4xx_HAL_Driver/Src/stm32g4xx_hal.c.obj
                0x08000cd8                HAL_InitTick
 .text.HAL_Init
                0x08000d24       0x1e cmake/stm32cubemx/CMakeFiles/STM32_Drivers.dir/__/__/Drivers/STM32G4xx_HAL_Driver/Src/stm32g4xx_hal.c.obj
                0x08000d24                HAL_Init
 *fill*         0x08000d42        0x2 
 .text.HAL_IncTick
                0x08000d44       0x18 cmake/stm32cubemx/CMakeFiles/STM32_Drivers.dir/__/__/Drivers/STM32G4xx_HAL_Driver/Src/stm32g4xx_hal.c.obj
                0x08000d44                HAL_IncTick
 .text.HAL_GetTick
                0x08000d5c        0xc cmake/stm32cubemx/CMakeFiles/STM32_Drivers.dir/__/__/Drivers/STM32G4xx_HAL_Driver/Src/stm32g4xx_hal.c.obj
                0x08000d5c                HAL_GetTick
 .text.HAL_RCC_OscConfig
                0x08000d68      0x418 cmake/stm32cubemx/CMakeFiles/STM32_Drivers.dir/__/__/Drivers/STM32G4xx_HAL_Driver/Src/stm32g4xx_hal_rcc.c.obj
                0x08000d68                HAL_RCC_OscConfig
 .text.HAL_RCC_GetSysClockFreq
                0x08001180       0x6c cmake/stm32cubemx/CMakeFiles/STM32_Drivers.dir/__/__/Drivers/STM32G4xx_HAL_Driver/Src/stm32g4xx_hal_rcc.c.obj
                0x08001180                HAL_RCC_GetSysClockFreq
 .text.HAL_RCC_ClockConfig
                0x080011ec      0x1e8 cmake/stm32cubemx/CMakeFiles/STM32_Drivers.dir/__/__/Drivers/STM32G4xx_HAL_Driver/Src/stm32g4xx_hal_rcc.c.obj
                0x080011ec                HAL_RCC_ClockConfig
 .text.HAL_RCCEx_PeriphCLKConfig
                0x080013d4      0x2f0 cmake/stm32cubemx/CMakeFiles/STM32_Drivers.dir/__/__/Drivers/STM32G4xx_HAL_Driver/Src/stm32g4xx_hal_rcc_ex.c.obj
                0x080013d4                HAL_RCCEx_PeriphCLKConfig
 .text.HAL_GPIO_Init
                0x080016c4      0x194 cmake/stm32cubemx/CMakeFiles/STM32_Drivers.dir/__/__/Drivers/STM32G4xx_HAL_Driver/Src/stm32g4xx_hal_gpio.c.obj
                0x080016c4                HAL_GPIO_Init
 .text.HAL_GPIO_WritePin
                0x08001858        0xa cmake/stm32cubemx/CMakeFiles/STM32_Drivers.dir/__/__/Drivers/STM32G4xx_HAL_Driver/Src/stm32g4xx_hal_gpio.c.obj
                0x08001858                HAL_GPIO_WritePin
 .text.HAL_GPIO_EXTI_Callback
                0x08001862        0x2 cmake/stm32cubemx/CMakeFiles/STM32_Drivers.dir/__/__/Drivers/STM32G4xx_HAL_Driver/Src/stm32g4xx_hal_gpio.c.obj
                0x08001862                HAL_GPIO_EXTI_Callback
 .text.HAL_GPIO_EXTI_IRQHandler
                0x08001864       0x18 cmake/stm32cubemx/CMakeFiles/STM32_Drivers.dir/__/__/Drivers/STM32G4xx_HAL_Driver/Src/stm32g4xx_hal_gpio.c.obj
                0x08001864                HAL_GPIO_EXTI_IRQHandler
 .text.DMA_CalcDMAMUXChannelBaseAndMask
                0x0800187c       0x48 cmake/stm32cubemx/CMakeFiles/STM32_Drivers.dir/__/__/Drivers/STM32G4xx_HAL_Driver/Src/stm32g4xx_hal_dma.c.obj
 .text.HAL_DMA_Init
                0x080018c4       0xdc cmake/stm32cubemx/CMakeFiles/STM32_Drivers.dir/__/__/Drivers/STM32G4xx_HAL_Driver/Src/stm32g4xx_hal_dma.c.obj
                0x080018c4                HAL_DMA_Init
 .text.HAL_DMA_IRQHandler
                0x080019a0       0x94 cmake/stm32cubemx/CMakeFiles/STM32_Drivers.dir/__/__/Drivers/STM32G4xx_HAL_Driver/Src/stm32g4xx_hal_dma.c.obj
                0x080019a0                HAL_DMA_IRQHandler
 .text.HAL_PWREx_ControlVoltageScaling
                0x08001a34       0xb0 cmake/stm32cubemx/CMakeFiles/STM32_Drivers.dir/__/__/Drivers/STM32G4xx_HAL_Driver/Src/stm32g4xx_hal_pwr_ex.c.obj
                0x08001a34                HAL_PWREx_ControlVoltageScaling
 .text.HAL_PWREx_DisableUCPDDeadBattery
                0x08001ae4       0x10 cmake/stm32cubemx/CMakeFiles/STM32_Drivers.dir/__/__/Drivers/STM32G4xx_HAL_Driver/Src/stm32g4xx_hal_pwr_ex.c.obj
                0x08001ae4                HAL_PWREx_DisableUCPDDeadBattery
 .text.HAL_NVIC_SetPriorityGrouping
                0x08001af4       0x24 cmake/stm32cubemx/CMakeFiles/STM32_Drivers.dir/__/__/Drivers/STM32G4xx_HAL_Driver/Src/stm32g4xx_hal_cortex.c.obj
                0x08001af4                HAL_NVIC_SetPriorityGrouping
 .text.HAL_NVIC_SetPriority
                0x08001b18       0x64 cmake/stm32cubemx/CMakeFiles/STM32_Drivers.dir/__/__/Drivers/STM32G4xx_HAL_Driver/Src/stm32g4xx_hal_cortex.c.obj
                0x08001b18                HAL_NVIC_SetPriority
 .text.HAL_NVIC_EnableIRQ
                0x08001b7c       0x1c cmake/stm32cubemx/CMakeFiles/STM32_Drivers.dir/__/__/Drivers/STM32G4xx_HAL_Driver/Src/stm32g4xx_hal_cortex.c.obj
                0x08001b7c                HAL_NVIC_EnableIRQ
 .text.HAL_SYSTICK_Config
                0x08001b98       0x28 cmake/stm32cubemx/CMakeFiles/STM32_Drivers.dir/__/__/Drivers/STM32G4xx_HAL_Driver/Src/stm32g4xx_hal_cortex.c.obj
                0x08001b98                HAL_SYSTICK_Config
 .text.HRTIM_OutputConfig
                0x08001bc0       0xb4 cmake/stm32cubemx/CMakeFiles/STM32_Drivers.dir/__/__/Drivers/STM32G4xx_HAL_Driver/Src/stm32g4xx_hal_hrtim.c.obj
 .text.HRTIM_ForceRegistersUpdate
                0x08001c74       0x68 cmake/stm32cubemx/CMakeFiles/STM32_Drivers.dir/__/__/Drivers/STM32G4xx_HAL_Driver/Src/stm32g4xx_hal_hrtim.c.obj
 .text.HAL_HRTIM_Init
                0x08001cdc       0xac cmake/stm32cubemx/CMakeFiles/STM32_Drivers.dir/__/__/Drivers/STM32G4xx_HAL_Driver/Src/stm32g4xx_hal_hrtim.c.obj
                0x08001cdc                HAL_HRTIM_Init
 .text.HAL_HRTIM_DLLCalibrationStart
                0x08001d88       0x58 cmake/stm32cubemx/CMakeFiles/STM32_Drivers.dir/__/__/Drivers/STM32G4xx_HAL_Driver/Src/stm32g4xx_hal_hrtim.c.obj
                0x08001d88                HAL_HRTIM_DLLCalibrationStart
 .text.HAL_HRTIM_PollForDLLCalibration
                0x08001de0       0x42 cmake/stm32cubemx/CMakeFiles/STM32_Drivers.dir/__/__/Drivers/STM32G4xx_HAL_Driver/Src/stm32g4xx_hal_hrtim.c.obj
                0x08001de0                HAL_HRTIM_PollForDLLCalibration
 .text.HAL_HRTIM_TimeBaseConfig
                0x08001e22       0x62 cmake/stm32cubemx/CMakeFiles/STM32_Drivers.dir/__/__/Drivers/STM32G4xx_HAL_Driver/Src/stm32g4xx_hal_hrtim.c.obj
                0x08001e22                HAL_HRTIM_TimeBaseConfig
 .text.HAL_HRTIM_ADCTriggerConfig
                0x08001e84      0x1dc cmake/stm32cubemx/CMakeFiles/STM32_Drivers.dir/__/__/Drivers/STM32G4xx_HAL_Driver/Src/stm32g4xx_hal_hrtim.c.obj
                0x08001e84                HAL_HRTIM_ADCTriggerConfig
 .text.HAL_HRTIM_ADCPostScalerConfig
                0x08002060       0xfe cmake/stm32cubemx/CMakeFiles/STM32_Drivers.dir/__/__/Drivers/STM32G4xx_HAL_Driver/Src/stm32g4xx_hal_hrtim.c.obj
                0x08002060                HAL_HRTIM_ADCPostScalerConfig
 .text.HAL_HRTIM_WaveformTimerConfig
                0x0800215e      0x26c cmake/stm32cubemx/CMakeFiles/STM32_Drivers.dir/__/__/Drivers/STM32G4xx_HAL_Driver/Src/stm32g4xx_hal_hrtim.c.obj
                0x0800215e                HAL_HRTIM_WaveformTimerConfig
 .text.HAL_HRTIM_WaveformTimerControl
                0x080023ca       0x82 cmake/stm32cubemx/CMakeFiles/STM32_Drivers.dir/__/__/Drivers/STM32G4xx_HAL_Driver/Src/stm32g4xx_hal_hrtim.c.obj
                0x080023ca                HAL_HRTIM_WaveformTimerControl
 .text.HAL_HRTIM_WaveformCompareConfig
                0x0800244c      0x148 cmake/stm32cubemx/CMakeFiles/STM32_Drivers.dir/__/__/Drivers/STM32G4xx_HAL_Driver/Src/stm32g4xx_hal_hrtim.c.obj
                0x0800244c                HAL_HRTIM_WaveformCompareConfig
 .text.HAL_HRTIM_WaveformOutputConfig
                0x08002594       0x32 cmake/stm32cubemx/CMakeFiles/STM32_Drivers.dir/__/__/Drivers/STM32G4xx_HAL_Driver/Src/stm32g4xx_hal_hrtim.c.obj
                0x08002594                HAL_HRTIM_WaveformOutputConfig
 .text.HAL_HRTIM_WaveformOutputStart
                0x080025c6       0x2c cmake/stm32cubemx/CMakeFiles/STM32_Drivers.dir/__/__/Drivers/STM32G4xx_HAL_Driver/Src/stm32g4xx_hal_hrtim.c.obj
                0x080025c6                HAL_HRTIM_WaveformOutputStart
 .text.HAL_HRTIM_WaveformCountStart
                0x080025f2       0x28 cmake/stm32cubemx/CMakeFiles/STM32_Drivers.dir/__/__/Drivers/STM32G4xx_HAL_Driver/Src/stm32g4xx_hal_hrtim.c.obj
                0x080025f2                HAL_HRTIM_WaveformCountStart
 .text.SystemClock_Config
                0x0800261a       0x68 CMakeFiles/G474_motor_firmware.dir/Src/main.c.obj
                0x0800261a                SystemClock_Config
 *fill*         0x08002682        0x2 
 .text.startup.main
                0x08002684       0x34 CMakeFiles/G474_motor_firmware.dir/Src/main.c.obj
                0x08002684                main
 .text.Error_Handler
                0x080026b8        0x4 CMakeFiles/G474_motor_firmware.dir/Src/main.c.obj
                0x080026b8                Error_Handler
 .text.MX_GPIO_Init
                0x080026bc       0xc8 CMakeFiles/G474_motor_firmware.dir/Src/gpio.c.obj
                0x080026bc                MX_GPIO_Init
 .text.MX_ADC1_Init
                0x08002784      0x114 CMakeFiles/G474_motor_firmware.dir/Src/adc.c.obj
                0x08002784                MX_ADC1_Init
 .text.HAL_ADC_MspInit
                0x08002898       0xe4 CMakeFiles/G474_motor_firmware.dir/Src/adc.c.obj
                0x08002898                HAL_ADC_MspInit
 .text.MX_DMA_Init
                0x0800297c       0x44 CMakeFiles/G474_motor_firmware.dir/Src/dma.c.obj
                0x0800297c                MX_DMA_Init
 .text.HAL_HRTIM_MspInit
                0x080029c0       0x28 CMakeFiles/G474_motor_firmware.dir/Src/hrtim.c.obj
                0x080029c0                HAL_HRTIM_MspInit
 .text.HAL_HRTIM_MspPostInit
                0x080029e8       0x98 CMakeFiles/G474_motor_firmware.dir/Src/hrtim.c.obj
                0x080029e8                HAL_HRTIM_MspPostInit
 .text.MX_HRTIM1_Init
                0x08002a80      0x27c CMakeFiles/G474_motor_firmware.dir/Src/hrtim.c.obj
                0x08002a80                MX_HRTIM1_Init
 .text.NMI_Handler
                0x08002cfc        0x2 CMakeFiles/G474_motor_firmware.dir/Src/stm32g4xx_it.c.obj
                0x08002cfc                NMI_Handler
 .text.HardFault_Handler
                0x08002cfe        0x2 CMakeFiles/G474_motor_firmware.dir/Src/stm32g4xx_it.c.obj
                0x08002cfe                HardFault_Handler
 .text.MemManage_Handler
                0x08002d00        0x2 CMakeFiles/G474_motor_firmware.dir/Src/stm32g4xx_it.c.obj
                0x08002d00                MemManage_Handler
 .text.BusFault_Handler
                0x08002d02        0x2 CMakeFiles/G474_motor_firmware.dir/Src/stm32g4xx_it.c.obj
                0x08002d02                BusFault_Handler
 .text.UsageFault_Handler
                0x08002d04        0x2 CMakeFiles/G474_motor_firmware.dir/Src/stm32g4xx_it.c.obj
                0x08002d04                UsageFault_Handler
 .text.SVC_Handler
                0x08002d06        0x2 CMakeFiles/G474_motor_firmware.dir/Src/stm32g4xx_it.c.obj
                0x08002d06                SVC_Handler
 .text.DebugMon_Handler
                0x08002d08        0x2 CMakeFiles/G474_motor_firmware.dir/Src/stm32g4xx_it.c.obj
                0x08002d08                DebugMon_Handler
 .text.PendSV_Handler
                0x08002d0a        0x2 CMakeFiles/G474_motor_firmware.dir/Src/stm32g4xx_it.c.obj
                0x08002d0a                PendSV_Handler
 .text.SysTick_Handler
                0x08002d0c        0x4 CMakeFiles/G474_motor_firmware.dir/Src/stm32g4xx_it.c.obj
                0x08002d0c                SysTick_Handler
 .text.DMA1_Channel1_IRQHandler
                0x08002d10        0xc CMakeFiles/G474_motor_firmware.dir/Src/stm32g4xx_it.c.obj
                0x08002d10                DMA1_Channel1_IRQHandler
 .text.EXTI15_10_IRQHandler
                0x08002d1c        0x8 CMakeFiles/G474_motor_firmware.dir/Src/stm32g4xx_it.c.obj
                0x08002d1c                EXTI15_10_IRQHandler
 .text.HAL_MspInit
                0x08002d24       0x34 CMakeFiles/G474_motor_firmware.dir/Src/stm32g4xx_hal_msp.c.obj
                0x08002d24                HAL_MspInit
 .text.Reset_Handler
                0x08002d58       0x50 CMakeFiles/G474_motor_firmware.dir/startup_stm32g474xx.s.obj
                0x08002d58                Reset_Handler
 .text.Default_Handler
                0x08002da8        0x2 CMakeFiles/G474_motor_firmware.dir/startup_stm32g474xx.s.obj
                0x08002da8                RTC_Alarm_IRQHandler
                0x08002da8                EXTI2_IRQHandler
                0x08002da8                TIM8_TRG_COM_IRQHandler
                0x08002da8                TIM8_CC_IRQHandler
                0x08002da8                HRTIM1_Master_IRQHandler
                0x08002da8                SPI4_IRQHandler
                0x08002da8                FDCAN3_IT0_IRQHandler
                0x08002da8                TIM1_CC_IRQHandler
                0x08002da8                HRTIM1_FLT_IRQHandler
                0x08002da8                HRTIM1_TIMF_IRQHandler
                0x08002da8                USB_HP_IRQHandler
                0x08002da8                CORDIC_IRQHandler
                0x08002da8                HRTIM1_TIMD_IRQHandler
                0x08002da8                DMA2_Channel8_IRQHandler
                0x08002da8                EXTI3_IRQHandler
                0x08002da8                I2C3_ER_IRQHandler
                0x08002da8                EXTI0_IRQHandler
                0x08002da8                I2C2_EV_IRQHandler
                0x08002da8                FPU_IRQHandler
                0x08002da8                FDCAN1_IT1_IRQHandler
                0x08002da8                TIM1_UP_TIM16_IRQHandler
                0x08002da8                ADC1_2_IRQHandler
                0x08002da8                HRTIM1_TIME_IRQHandler
                0x08002da8                SPI1_IRQHandler
                0x08002da8                TIM6_DAC_IRQHandler
                0x08002da8                HRTIM1_TIMC_IRQHandler
                0x08002da8                TIM8_UP_IRQHandler
                0x08002da8                DMA2_Channel2_IRQHandler
                0x08002da8                DMA1_Channel4_IRQHandler
                0x08002da8                TIM20_TRG_COM_IRQHandler
                0x08002da8                USART3_IRQHandler
                0x08002da8                DMA1_Channel7_IRQHandler
                0x08002da8                UART5_IRQHandler
                0x08002da8                ADC3_IRQHandler
                0x08002da8                TIM4_IRQHandler
                0x08002da8                DMA2_Channel1_IRQHandler
                0x08002da8                QUADSPI_IRQHandler
                0x08002da8                I2C1_EV_IRQHandler
                0x08002da8                DMA1_Channel6_IRQHandler
                0x08002da8                UART4_IRQHandler
                0x08002da8                DMA2_Channel4_IRQHandler
                0x08002da8                TIM3_IRQHandler
                0x08002da8                RCC_IRQHandler
                0x08002da8                TIM20_UP_IRQHandler
                0x08002da8                Default_Handler
                0x08002da8                DMA2_Channel7_IRQHandler
                0x08002da8                RTC_TAMP_LSECSS_IRQHandler
                0x08002da8                FMAC_IRQHandler
                0x08002da8                DMA1_Channel8_IRQHandler
                0x08002da8                HRTIM1_TIMA_IRQHandler
                0x08002da8                TIM7_DAC_IRQHandler
                0x08002da8                FDCAN3_IT1_IRQHandler
                0x08002da8                TIM5_IRQHandler
                0x08002da8                UCPD1_IRQHandler
                0x08002da8                I2C3_EV_IRQHandler
                0x08002da8                EXTI9_5_IRQHandler
                0x08002da8                RTC_WKUP_IRQHandler
                0x08002da8                PVD_PVM_IRQHandler
                0x08002da8                SPI2_IRQHandler
                0x08002da8                ADC5_IRQHandler
                0x08002da8                DMA2_Channel5_IRQHandler
                0x08002da8                CRS_IRQHandler
                0x08002da8                DMA1_Channel5_IRQHandler
                0x08002da8                USB_LP_IRQHandler
                0x08002da8                EXTI4_IRQHandler
                0x08002da8                RNG_IRQHandler
                0x08002da8                HRTIM1_TIMB_IRQHandler
                0x08002da8                TIM1_TRG_COM_TIM17_IRQHandler
                0x08002da8                FDCAN2_IT1_IRQHandler
                0x08002da8                DMA1_Channel3_IRQHandler
                0x08002da8                ADC4_IRQHandler
                0x08002da8                WWDG_IRQHandler
                0x08002da8                I2C4_EV_IRQHandler
                0x08002da8                FDCAN2_IT0_IRQHandler
                0x08002da8                LPUART1_IRQHandler
                0x08002da8                DMA2_Channel6_IRQHandler
                0x08002da8                FDCAN1_IT0_IRQHandler
                0x08002da8                TIM2_IRQHandler
                0x08002da8                COMP7_IRQHandler
                0x08002da8                COMP1_2_3_IRQHandler
                0x08002da8                EXTI1_IRQHandler
                0x08002da8                USART2_IRQHandler
                0x08002da8                COMP4_5_6_IRQHandler
                0x08002da8                TIM20_BRK_IRQHandler
                0x08002da8                I2C2_ER_IRQHandler
                0x08002da8                DMA1_Channel2_IRQHandler
                0x08002da8                TIM8_BRK_IRQHandler
                0x08002da8                FLASH_IRQHandler
                0x08002da8                TIM20_CC_IRQHandler
                0x08002da8                USART1_IRQHandler
                0x08002da8                SPI3_IRQHandler
                0x08002da8                I2C1_ER_IRQHandler
                0x08002da8                FMC_IRQHandler
                0x08002da8                LPTIM1_IRQHandler
                0x08002da8                DMAMUX_OVR_IRQHandler
                0x08002da8                I2C4_ER_IRQHandler
                0x08002da8                USBWakeUp_IRQHandler
                0x08002da8                SAI1_IRQHandler
                0x08002da8                DMA2_Channel3_IRQHandler
                0x08002da8                TIM1_BRK_TIM15_IRQHandler
 .text.memset   0x08002daa       0x10 C:/Users/SUN/AppData/Local/stm32cube/bundles/gnu-tools-for-stm32/14.3.1+st.2/bin/../lib/gcc/arm-none-eabi/14.3.1/../../../../arm-none-eabi/lib/thumb/v7e-m+fp/hard\libg_nano.a(libc_a-memset.o)
                0x08002daa                memset
 *fill*         0x08002dba        0x2 
 .text.__libc_init_array
                0x08002dbc       0x48 C:/Users/SUN/AppData/Local/stm32cube/bundles/gnu-tools-for-stm32/14.3.1+st.2/bin/../lib/gcc/arm-none-eabi/14.3.1/../../../../arm-none-eabi/lib/thumb/v7e-m+fp/hard\libg_nano.a(libc_a-init.o)
                0x08002dbc                __libc_init_array
 *(.glue_7)
 .glue_7        0x08002e04        0x0 linker stubs
 *(.glue_7t)
 .glue_7t       0x08002e04        0x0 linker stubs
 *(.eh_frame)
 .eh_frame      0x08002e04        0x0 C:/Users/SUN/AppData/Local/stm32cube/bundles/gnu-tools-for-stm32/14.3.1+st.2/bin/../lib/gcc/arm-none-eabi/14.3.1/thumb/v7e-m+fp/hard/crtbegin.o
 *(.init)
 .init          0x08002e04        0x4 C:/Users/SUN/AppData/Local/stm32cube/bundles/gnu-tools-for-stm32/14.3.1+st.2/bin/../lib/gcc/arm-none-eabi/14.3.1/thumb/v7e-m+fp/hard/crti.o
                0x08002e04                _init
 .init          0x08002e08        0x8 C:/Users/SUN/AppData/Local/stm32cube/bundles/gnu-tools-for-stm32/14.3.1+st.2/bin/../lib/gcc/arm-none-eabi/14.3.1/thumb/v7e-m+fp/hard/crtn.o
 *(.fini)
 .fini          0x08002e10        0x4 C:/Users/SUN/AppData/Local/stm32cube/bundles/gnu-tools-for-stm32/14.3.1+st.2/bin/../lib/gcc/arm-none-eabi/14.3.1/thumb/v7e-m+fp/hard/crti.o
                0x08002e10                _fini
 .fini          0x08002e14        0x8 C:/Users/SUN/AppData/Local/stm32cube/bundles/gnu-tools-for-stm32/14.3.1+st.2/bin/../lib/gcc/arm-none-eabi/14.3.1/thumb/v7e-m+fp/hard/crtn.o
                0x08002e1c                        . = ALIGN (0x4)
                0x08002e1c                        _etext = .

.vfp11_veneer   0x08002e1c        0x0
 .vfp11_veneer  0x08002e1c        0x0 linker stubs

.v4_bx          0x08002e1c        0x0
 .v4_bx         0x08002e1c        0x0 linker stubs

.iplt           0x08002e1c        0x0
 .iplt          0x08002e1c        0x0 C:/Users/SUN/AppData/Local/stm32cube/bundles/gnu-tools-for-stm32/14.3.1+st.2/bin/../lib/gcc/arm-none-eabi/14.3.1/thumb/v7e-m+fp/hard/crtbegin.o

.rodata         0x08002e1c       0x10
                0x08002e1c                        . = ALIGN (0x4)
 *(.rodata)
 *(.rodata*)
 .rodata.AHBPrescTable
                0x08002e1c       0x10 cmake/stm32cubemx/CMakeFiles/STM32_Drivers.dir/__/__/Src/system_stm32g4xx.c.obj
                0x08002e1c                AHBPrescTable
                0x08002e2c                        . = ALIGN (0x4)

.ARM.extab      0x08002e2c        0x0
                0x08002e2c                        . = ALIGN (0x4)
 *(.ARM.extab* .gnu.linkonce.armextab.*)
                0x08002e2c                        . = ALIGN (0x4)

.ARM            0x08002e2c        0x0
                0x08002e2c                        . = ALIGN (0x4)
                0x08002e2c                        __exidx_start = .
 *(.ARM.exidx*)
                0x08002e2c                        __exidx_end = .
                0x08002e2c                        . = ALIGN (0x4)

.preinit_array  0x08002e2c        0x0
                0x08002e2c                        . = ALIGN (0x4)
                0x08002e2c                        PROVIDE (__preinit_array_start = .)
 *(.preinit_array*)
                0x08002e2c                        PROVIDE (__preinit_array_end = .)
                0x08002e2c                        . = ALIGN (0x4)

.init_array     0x08002e2c        0x4
                0x08002e2c                        . = ALIGN (0x4)
                0x08002e2c                        PROVIDE (__init_array_start = .)
 *(SORT_BY_NAME(.init_array.*))
 *(.init_array*)
 .init_array    0x08002e2c        0x4 C:/Users/SUN/AppData/Local/stm32cube/bundles/gnu-tools-for-stm32/14.3.1+st.2/bin/../lib/gcc/arm-none-eabi/14.3.1/thumb/v7e-m+fp/hard/crtbegin.o
                0x08002e30                        PROVIDE (__init_array_end = .)
                0x08002e30                        . = ALIGN (0x4)

.fini_array     0x08002e30        0x4
                0x08002e30                        . = ALIGN (0x4)
                [!provide]                        PROVIDE (__fini_array_start = .)
 *(SORT_BY_NAME(.fini_array.*))
 *(.fini_array*)
 .fini_array    0x08002e30        0x4 C:/Users/SUN/AppData/Local/stm32cube/bundles/gnu-tools-for-stm32/14.3.1+st.2/bin/../lib/gcc/arm-none-eabi/14.3.1/thumb/v7e-m+fp/hard/crtbegin.o
                [!provide]                        PROVIDE (__fini_array_end = .)
                0x08002e34                        . = ALIGN (0x4)
                0x08002e34                        _sidata = LOADADDR (.data)

.rel.dyn        0x08002e34        0x0
 .rel.iplt      0x08002e34        0x0 C:/Users/SUN/AppData/Local/stm32cube/bundles/gnu-tools-for-stm32/14.3.1+st.2/bin/../lib/gcc/arm-none-eabi/14.3.1/thumb/v7e-m+fp/hard/crtbegin.o

.data           0x20000000        0xc load address 0x08002e34
                0x20000000                        . = ALIGN (0x4)
                0x20000000                        _sdata = .
 *(.data)
 *(.data*)
 .data.SystemCoreClock
                0x20000000        0x4 cmake/stm32cubemx/CMakeFiles/STM32_Drivers.dir/__/__/Src/system_stm32g4xx.c.obj
                0x20000000                SystemCoreClock
 .data.uwTickFreq
                0x20000004        0x4 cmake/stm32cubemx/CMakeFiles/STM32_Drivers.dir/__/__/Drivers/STM32G4xx_HAL_Driver/Src/stm32g4xx_hal.c.obj
                0x20000004                uwTickFreq
 .data.uwTickPrio
                0x20000008        0x4 cmake/stm32cubemx/CMakeFiles/STM32_Drivers.dir/__/__/Drivers/STM32G4xx_HAL_Driver/Src/stm32g4xx_hal.c.obj
                0x20000008                uwTickPrio
 *(.RamFunc)
 *(.RamFunc*)
                0x2000000c                        . = ALIGN (0x4)

.igot.plt       0x2000000c        0x0 load address 0x08002e40
 .igot.plt      0x2000000c        0x0 C:/Users/SUN/AppData/Local/stm32cube/bundles/gnu-tools-for-stm32/14.3.1+st.2/bin/../lib/gcc/arm-none-eabi/14.3.1/thumb/v7e-m+fp/hard/crtbegin.o

.tdata          0x2000000c        0x0 load address 0x08002e40
 *(.tdata .tdata.* .gnu.linkonce.td.*)
                0x2000000c                        . = ALIGN (0x4)
                0x2000000c                        _edata = .
                [!provide]                        PROVIDE (__data_end = .)
                [!provide]                        PROVIDE (__tdata_end = .)
                [!provide]                        PROVIDE (__tdata_start = ADDR (.tdata))
                [!provide]                        PROVIDE (__tdata_size = (__tdata_end - __tdata_start))
                [!provide]                        PROVIDE (__data_start = ADDR (.data))
                [!provide]                        PROVIDE (__data_size = (__data_end - __data_start))
                [!provide]                        PROVIDE (__tdata_source = LOADADDR (.tdata))
                [!provide]                        PROVIDE (__tdata_source_end = (LOADADDR (.tdata) + SIZEOF (.tdata)))
                [!provide]                        PROVIDE (__tdata_source_size = (__tdata_source_end - __tdata_source))
                [!provide]                        PROVIDE (__data_source = LOADADDR (.data))
                [!provide]                        PROVIDE (__data_source_end = __tdata_source_end)
                [!provide]                        PROVIDE (__data_source_size = (__data_source_end - __data_source))

.tbss           0x2000000c        0x0 load address 0x08002e40
                0x2000000c                        _sbss = .
                0x2000000c                        __bss_start__ = _sbss
 *(.tbss .tbss.*)
                0x2000000c                        . = ALIGN (0x4)
                [!provide]                        PROVIDE (__tbss_end = .)
                [!provide]                        PROVIDE (__tbss_start = ADDR (.tbss))
                [!provide]                        PROVIDE (__tbss_size = (__tbss_end - __tbss_start))
                [!provide]                        PROVIDE (__tbss_offset = (ADDR (.tbss) - ADDR (.tdata)))
                [!provide]                        PROVIDE (__tls_base = __tdata_start)
                [!provide]                        PROVIDE (__tls_end = __tbss_end)
                [!provide]                        PROVIDE (__tls_size = (__tls_end - __tls_base))
                [!provide]                        PROVIDE (__tls_align = MAX (ALIGNOF (.tdata), ALIGNOF (.tbss)))
                [!provide]                        PROVIDE (__tls_size_align = (((__tls_size + __tls_align) - 0x1) & ~ ((__tls_align - 0x1))))
                [!provide]                        PROVIDE (__arm32_tls_tcb_offset = MAX (0x8, __tls_align))
                [!provide]                        PROVIDE (__arm64_tls_tcb_offset = MAX (0x10, __tls_align))

.bss            0x2000000c      0x1e8 load address 0x08002e40
 *(.bss)
 .bss           0x2000000c       0x1c C:/Users/SUN/AppData/Local/stm32cube/bundles/gnu-tools-for-stm32/14.3.1+st.2/bin/../lib/gcc/arm-none-eabi/14.3.1/thumb/v7e-m+fp/hard/crtbegin.o
 *(.bss*)
 .bss.uwTick    0x20000028        0x4 cmake/stm32cubemx/CMakeFiles/STM32_Drivers.dir/__/__/Drivers/STM32G4xx_HAL_Driver/Src/stm32g4xx_hal.c.obj
                0x20000028                uwTick
 .bss.hdma_adc1
                0x2000002c       0x60 CMakeFiles/G474_motor_firmware.dir/Src/adc.c.obj
                0x2000002c                hdma_adc1
 .bss.hadc1     0x2000008c       0x6c CMakeFiles/G474_motor_firmware.dir/Src/adc.c.obj
                0x2000008c                hadc1
 .bss.hhrtim1   0x200000f8       0xfc CMakeFiles/G474_motor_firmware.dir/Src/hrtim.c.obj
                0x200000f8                hhrtim1
 *(COMMON)
                0x200001f4                        . = ALIGN (0x4)
                0x200001f4                        _ebss = .
                0x200001f4                        __bss_end__ = _ebss
                [!provide]                        PROVIDE (__bss_end = .)
                [!provide]                        PROVIDE (__non_tls_bss_start = ADDR (.bss))
                [!provide]                        PROVIDE (__bss_start = __tbss_start)
                [!provide]                        PROVIDE (__bss_size = (__bss_end - __bss_start))

._user_heap_stack
                0x200001f4      0x604 load address 0x08002e40
                0x200001f8                        . = ALIGN (0x8)
 *fill*         0x200001f4        0x4 
                [!provide]                        PROVIDE (end = .)
                0x200001f8                        PROVIDE (_end = .)
                0x200003f8                        . = (. + _Min_Heap_Size)
 *fill*         0x200001f8      0x200 
                0x200007f8                        . = (. + _Min_Stack_Size)
 *fill*         0x200003f8      0x400 
                0x200007f8                        . = ALIGN (0x8)

/DISCARD/
 libc.a:*(*)
 libm.a:*(*)
 libgcc.a:*(*)
OUTPUT(G474_motor_firmware.elf elf32-littlearm)
LOAD linker stubs

.ARM.attributes
                0x00000000       0x30
 .ARM.attributes
                0x00000000       0x22 C:/Users/SUN/AppData/Local/stm32cube/bundles/gnu-tools-for-stm32/14.3.1+st.2/bin/../lib/gcc/arm-none-eabi/14.3.1/thumb/v7e-m+fp/hard/crti.o
 .ARM.attributes
                0x00000022       0x34 C:/Users/SUN/AppData/Local/stm32cube/bundles/gnu-tools-for-stm32/14.3.1+st.2/bin/../lib/gcc/arm-none-eabi/14.3.1/thumb/v7e-m+fp/hard/crtbegin.o
 .ARM.attributes
                0x00000056       0x34 cmake/stm32cubemx/CMakeFiles/STM32_Drivers.dir/__/__/Src/system_stm32g4xx.c.obj
 .ARM.attributes
                0x0000008a       0x34 cmake/stm32cubemx/CMakeFiles/STM32_Drivers.dir/__/__/Drivers/STM32G4xx_HAL_Driver/Src/stm32g4xx_hal_adc.c.obj
 .ARM.attributes
                0x000000be       0x34 cmake/stm32cubemx/CMakeFiles/STM32_Drivers.dir/__/__/Drivers/STM32G4xx_HAL_Driver/Src/stm32g4xx_hal_adc_ex.c.obj
 .ARM.attributes
                0x000000f2       0x34 cmake/stm32cubemx/CMakeFiles/STM32_Drivers.dir/__/__/Drivers/STM32G4xx_HAL_Driver/Src/stm32g4xx_hal.c.obj
 .ARM.attributes
                0x00000126       0x34 cmake/stm32cubemx/CMakeFiles/STM32_Drivers.dir/__/__/Drivers/STM32G4xx_HAL_Driver/Src/stm32g4xx_hal_rcc.c.obj
 .ARM.attributes
                0x0000015a       0x34 cmake/stm32cubemx/CMakeFiles/STM32_Drivers.dir/__/__/Drivers/STM32G4xx_HAL_Driver/Src/stm32g4xx_hal_rcc_ex.c.obj
 .ARM.attributes
                0x0000018e       0x34 cmake/stm32cubemx/CMakeFiles/STM32_Drivers.dir/__/__/Drivers/STM32G4xx_HAL_Driver/Src/stm32g4xx_hal_gpio.c.obj
 .ARM.attributes
                0x000001c2       0x34 cmake/stm32cubemx/CMakeFiles/STM32_Drivers.dir/__/__/Drivers/STM32G4xx_HAL_Driver/Src/stm32g4xx_hal_dma.c.obj
 .ARM.attributes
                0x000001f6       0x34 cmake/stm32cubemx/CMakeFiles/STM32_Drivers.dir/__/__/Drivers/STM32G4xx_HAL_Driver/Src/stm32g4xx_hal_pwr_ex.c.obj
 .ARM.attributes
                0x0000022a       0x34 cmake/stm32cubemx/CMakeFiles/STM32_Drivers.dir/__/__/Drivers/STM32G4xx_HAL_Driver/Src/stm32g4xx_hal_cortex.c.obj
 .ARM.attributes
                0x0000025e       0x34 cmake/stm32cubemx/CMakeFiles/STM32_Drivers.dir/__/__/Drivers/STM32G4xx_HAL_Driver/Src/stm32g4xx_hal_hrtim.c.obj
 .ARM.attributes
                0x00000292       0x34 CMakeFiles/G474_motor_firmware.dir/Src/main.c.obj
 .ARM.attributes
                0x000002c6       0x34 CMakeFiles/G474_motor_firmware.dir/Src/gpio.c.obj
 .ARM.attributes
                0x000002fa       0x34 CMakeFiles/G474_motor_firmware.dir/Src/adc.c.obj
 .ARM.attributes
                0x0000032e       0x34 CMakeFiles/G474_motor_firmware.dir/Src/dma.c.obj
 .ARM.attributes
                0x00000362       0x34 CMakeFiles/G474_motor_firmware.dir/Src/hrtim.c.obj
 .ARM.attributes
                0x00000396       0x34 CMakeFiles/G474_motor_firmware.dir/Src/stm32g4xx_it.c.obj
 .ARM.attributes
                0x000003ca       0x34 CMakeFiles/G474_motor_firmware.dir/Src/stm32g4xx_hal_msp.c.obj
 .ARM.attributes
                0x000003fe       0x21 CMakeFiles/G474_motor_firmware.dir/startup_stm32g474xx.s.obj
 .ARM.attributes
                0x0000041f       0x34 C:/Users/SUN/AppData/Local/stm32cube/bundles/gnu-tools-for-stm32/14.3.1+st.2/bin/../lib/gcc/arm-none-eabi/14.3.1/../../../../arm-none-eabi/lib/thumb/v7e-m+fp/hard\libg_nano.a(libc_a-memset.o)
 .ARM.attributes
                0x00000453       0x34 C:/Users/SUN/AppData/Local/stm32cube/bundles/gnu-tools-for-stm32/14.3.1+st.2/bin/../lib/gcc/arm-none-eabi/14.3.1/../../../../arm-none-eabi/lib/thumb/v7e-m+fp/hard\libg_nano.a(libc_a-init.o)
 .ARM.attributes
                0x00000487       0x22 C:/Users/SUN/AppData/Local/stm32cube/bundles/gnu-tools-for-stm32/14.3.1+st.2/bin/../lib/gcc/arm-none-eabi/14.3.1/thumb/v7e-m+fp/hard/crtn.o

.comment        0x00000000       0x43
 .comment       0x00000000       0x43 cmake/stm32cubemx/CMakeFiles/STM32_Drivers.dir/__/__/Src/system_stm32g4xx.c.obj
                                 0x44 (size before relaxing)
 .comment       0x00000043       0x44 cmake/stm32cubemx/CMakeFiles/STM32_Drivers.dir/__/__/Drivers/STM32G4xx_HAL_Driver/Src/stm32g4xx_hal_adc.c.obj
 .comment       0x00000043       0x44 cmake/stm32cubemx/CMakeFiles/STM32_Drivers.dir/__/__/Drivers/STM32G4xx_HAL_Driver/Src/stm32g4xx_hal_adc_ex.c.obj
 .comment       0x00000043       0x44 cmake/stm32cubemx/CMakeFiles/STM32_Drivers.dir/__/__/Drivers/STM32G4xx_HAL_Driver/Src/stm32g4xx_hal.c.obj
 .comment       0x00000043       0x44 cmake/stm32cubemx/CMakeFiles/STM32_Drivers.dir/__/__/Drivers/STM32G4xx_HAL_Driver/Src/stm32g4xx_hal_rcc.c.obj
 .comment       0x00000043       0x44 cmake/stm32cubemx/CMakeFiles/STM32_Drivers.dir/__/__/Drivers/STM32G4xx_HAL_Driver/Src/stm32g4xx_hal_rcc_ex.c.obj
 .comment       0x00000043       0x44 cmake/stm32cubemx/CMakeFiles/STM32_Drivers.dir/__/__/Drivers/STM32G4xx_HAL_Driver/Src/stm32g4xx_hal_gpio.c.obj
 .comment       0x00000043       0x44 cmake/stm32cubemx/CMakeFiles/STM32_Drivers.dir/__/__/Drivers/STM32G4xx_HAL_Driver/Src/stm32g4xx_hal_dma.c.obj
 .comment       0x00000043       0x44 cmake/stm32cubemx/CMakeFiles/STM32_Drivers.dir/__/__/Drivers/STM32G4xx_HAL_Driver/Src/stm32g4xx_hal_pwr_ex.c.obj
 .comment       0x00000043       0x44 cmake/stm32cubemx/CMakeFiles/STM32_Drivers.dir/__/__/Drivers/STM32G4xx_HAL_Driver/Src/stm32g4xx_hal_cortex.c.obj
 .comment       0x00000043       0x44 cmake/stm32cubemx/CMakeFiles/STM32_Drivers.dir/__/__/Drivers/STM32G4xx_HAL_Driver/Src/stm32g4xx_hal_hrtim.c.obj
 .comment       0x00000043       0x44 CMakeFiles/G474_motor_firmware.dir/Src/main.c.obj
 .comment       0x00000043       0x44 CMakeFiles/G474_motor_firmware.dir/Src/gpio.c.obj
 .comment       0x00000043       0x44 CMakeFiles/G474_motor_firmware.dir/Src/adc.c.obj
 .comment       0x00000043       0x44 CMakeFiles/G474_motor_firmware.dir/Src/dma.c.obj
 .comment       0x00000043       0x44 CMakeFiles/G474_motor_firmware.dir/Src/hrtim.c.obj
 .comment       0x00000043       0x44 CMakeFiles/G474_motor_firmware.dir/Src/stm32g4xx_it.c.obj
 .comment       0x00000043       0x44 CMakeFiles/G474_motor_firmware.dir/Src/stm32g4xx_hal_msp.c.obj
 .comment       0x00000043       0x44 C:/Users/SUN/AppData/Local/stm32cube/bundles/gnu-tools-for-stm32/14.3.1+st.2/bin/../lib/gcc/arm-none-eabi/14.3.1/../../../../arm-none-eabi/lib/thumb/v7e-m+fp/hard\libg_nano.a(libc_a-memset.o)
 .comment       0x00000043       0x44 C:/Users/SUN/AppData/Local/stm32cube/bundles/gnu-tools-for-stm32/14.3.1+st.2/bin/../lib/gcc/arm-none-eabi/14.3.1/../../../../arm-none-eabi/lib/thumb/v7e-m+fp/hard\libg_nano.a(libc_a-init.o)

.debug_info     0x00000000      0x1eb
 .debug_info    0x00000000       0xe0 C:/Users/SUN/AppData/Local/stm32cube/bundles/gnu-tools-for-stm32/14.3.1+st.2/bin/../lib/gcc/arm-none-eabi/14.3.1/../../../../arm-none-eabi/lib/thumb/v7e-m+fp/hard\libg_nano.a(libc_a-memset.o)
 .debug_info    0x000000e0      0x10b C:/Users/SUN/AppData/Local/stm32cube/bundles/gnu-tools-for-stm32/14.3.1+st.2/bin/../lib/gcc/arm-none-eabi/14.3.1/../../../../arm-none-eabi/lib/thumb/v7e-m+fp/hard\libg_nano.a(libc_a-init.o)

.debug_abbrev   0x00000000      0x167
 .debug_abbrev  0x00000000       0x9e C:/Users/SUN/AppData/Local/stm32cube/bundles/gnu-tools-for-stm32/14.3.1+st.2/bin/../lib/gcc/arm-none-eabi/14.3.1/../../../../arm-none-eabi/lib/thumb/v7e-m+fp/hard\libg_nano.a(libc_a-memset.o)
 .debug_abbrev  0x0000009e       0xc9 C:/Users/SUN/AppData/Local/stm32cube/bundles/gnu-tools-for-stm32/14.3.1+st.2/bin/../lib/gcc/arm-none-eabi/14.3.1/../../../../arm-none-eabi/lib/thumb/v7e-m+fp/hard\libg_nano.a(libc_a-init.o)

.debug_loclists
                0x00000000       0xa1
 .debug_loclists
                0x00000000       0x4d C:/Users/SUN/AppData/Local/stm32cube/bundles/gnu-tools-for-stm32/14.3.1+st.2/bin/../lib/gcc/arm-none-eabi/14.3.1/../../../../arm-none-eabi/lib/thumb/v7e-m+fp/hard\libg_nano.a(libc_a-memset.o)
 .debug_loclists
                0x0000004d       0x54 C:/Users/SUN/AppData/Local/stm32cube/bundles/gnu-tools-for-stm32/14.3.1+st.2/bin/../lib/gcc/arm-none-eabi/14.3.1/../../../../arm-none-eabi/lib/thumb/v7e-m+fp/hard\libg_nano.a(libc_a-init.o)

.debug_aranges  0x00000000       0x40
 .debug_aranges
                0x00000000       0x20 C:/Users/SUN/AppData/Local/stm32cube/bundles/gnu-tools-for-stm32/14.3.1+st.2/bin/../lib/gcc/arm-none-eabi/14.3.1/../../../../arm-none-eabi/lib/thumb/v7e-m+fp/hard\libg_nano.a(libc_a-memset.o)
 .debug_aranges
                0x00000020       0x20 C:/Users/SUN/AppData/Local/stm32cube/bundles/gnu-tools-for-stm32/14.3.1+st.2/bin/../lib/gcc/arm-none-eabi/14.3.1/../../../../arm-none-eabi/lib/thumb/v7e-m+fp/hard\libg_nano.a(libc_a-init.o)

.debug_rnglists
                0x00000000       0x26
 .debug_rnglists
                0x00000000       0x13 C:/Users/SUN/AppData/Local/stm32cube/bundles/gnu-tools-for-stm32/14.3.1+st.2/bin/../lib/gcc/arm-none-eabi/14.3.1/../../../../arm-none-eabi/lib/thumb/v7e-m+fp/hard\libg_nano.a(libc_a-memset.o)
 .debug_rnglists
                0x00000013       0x13 C:/Users/SUN/AppData/Local/stm32cube/bundles/gnu-tools-for-stm32/14.3.1+st.2/bin/../lib/gcc/arm-none-eabi/14.3.1/../../../../arm-none-eabi/lib/thumb/v7e-m+fp/hard\libg_nano.a(libc_a-init.o)

.debug_line     0x00000000      0x2e6
 .debug_line    0x00000000      0x17e C:/Users/SUN/AppData/Local/stm32cube/bundles/gnu-tools-for-stm32/14.3.1+st.2/bin/../lib/gcc/arm-none-eabi/14.3.1/../../../../arm-none-eabi/lib/thumb/v7e-m+fp/hard\libg_nano.a(libc_a-memset.o)
 .debug_line    0x0000017e      0x168 C:/Users/SUN/AppData/Local/stm32cube/bundles/gnu-tools-for-stm32/14.3.1+st.2/bin/../lib/gcc/arm-none-eabi/14.3.1/../../../../arm-none-eabi/lib/thumb/v7e-m+fp/hard\libg_nano.a(libc_a-init.o)

.debug_str      0x00000000      0x29a
 .debug_str     0x00000000      0x29a C:/Users/SUN/AppData/Local/stm32cube/bundles/gnu-tools-for-stm32/14.3.1+st.2/bin/../lib/gcc/arm-none-eabi/14.3.1/../../../../arm-none-eabi/lib/thumb/v7e-m+fp/hard\libg_nano.a(libc_a-memset.o)
                                0x211 (size before relaxing)
 .debug_str     0x0000029a      0x272 C:/Users/SUN/AppData/Local/stm32cube/bundles/gnu-tools-for-stm32/14.3.1+st.2/bin/../lib/gcc/arm-none-eabi/14.3.1/../../../../arm-none-eabi/lib/thumb/v7e-m+fp/hard\libg_nano.a(libc_a-init.o)

.debug_frame    0x00000000       0x4c
 .debug_frame   0x00000000       0x20 C:/Users/SUN/AppData/Local/stm32cube/bundles/gnu-tools-for-stm32/14.3.1+st.2/bin/../lib/gcc/arm-none-eabi/14.3.1/../../../../arm-none-eabi/lib/thumb/v7e-m+fp/hard\libg_nano.a(libc_a-memset.o)
 .debug_frame   0x00000020       0x2c C:/Users/SUN/AppData/Local/stm32cube/bundles/gnu-tools-for-stm32/14.3.1+st.2/bin/../lib/gcc/arm-none-eabi/14.3.1/../../../../arm-none-eabi/lib/thumb/v7e-m+fp/hard\libg_nano.a(libc_a-init.o)
